3976
calculate_ma.py check_data.sh check.log GPL_3.0.md mysql_lis.py mysql_user.py.example pbrtqc.py __pycache__ README.md update_pbrtqc.sh x 1. row calculate_ma.py check_data.sh check.log GPL_3.0.md mysql_lis.py mysql_user.py.example pbrtqc.py __pycache__ README.md update_pbrtqc.sh x sample_id: 1174447 examination_id: 5020 result: 4.226763806514999 extra: NULL uniq: XL_1000|xbarb
{"id":"qaKyY23Vp19g","time":1789277487,"expires":1789320687,"event":"message","topic":"xbarb","message":"*************************** 1. row ***************************\n     sample_id: 1174447\nexamination_id: 5020\n        result: 4.226763806514999\n         extra: NULL\n          uniq: XL_1000|xbarb"}
3976
3976
3976
3976
3976
3976
3976
3976
3976
3976
3976
3976
3976
3976
3976
3976
3976
3976
3976
3976
3976
3976
3976
3976
3976
3976
3976
3976
3976
3976
3976
3976
3976
3976
3976
3976
3976
3976
3976
3976
3976
3976
3976
3976
3976
3976
3976
3976
3976
3976
3976
3976
3976
3976
3976
3976
3976
3976
3976
3976
3976
3976
3976
3976
3976
3976
3976
3976
3976
3976
3976
3976
3976
3976
3976
3976
3976
3976
3976
3976
3976
3976
3976
3976
3976
3976
3976
3976
3976
3976
3976
3976
3976
3976
3976
3976
3976
3976
3976
3976
3976
3976
3976
3976
3976
3976
3976
3976
3976
3976
3976
3976
3976
3976
3976
3976
3976
3976
3976
3976
3976
3976
3976
3977
calculate_ma.py check_data.sh check.log GPL_3.0.md mysql_lis.py mysql_user.py.example pbrtqc.py __pycache__ README.md update_pbrtqc.sh x 1. row calculate_ma.py check_data.sh check.log GPL_3.0.md mysql_lis.py mysql_user.py.example pbrtqc.py __pycache__ README.md update_pbrtqc.sh x sample_id: 1174533 examination_id: 5020 result: 4.224292926041451 extra: NULL uniq: XL_1000|xbarb
{"id":"Z1rOfH1UJbgF","time":1789284929,"expires":1789328129,"event":"message","topic":"xbarb","message":"*************************** 1. row ***************************\n     sample_id: 1174533\nexamination_id: 5020\n        result: 4.224292926041451\n         extra: NULL\n          uniq: XL_1000|xbarb"}
3977
3977
3977
3977
3977
3977
3977
3977
3977
3977
3977
3977
3977
3977
3977
